
/home/runner/work/exp-deployments-basic-core-dei/exp-deployments-basic-core-dei/experiment/simulation/js/app.js
  51:32  warning  'DataStore' is not defined          no-undef
  54:32  warning  'LogEngine' is not defined          no-undef
  57:32  warning  'NFManager' is not defined          no-undef
  60:40  warning  'ConnectionManager' is not defined  no-undef
  63:33  warning  'BusManager' is not defined         no-undef
  66:34  warning  'PingManager' is not defined        no-undef
  69:37  warning  'CanvasRenderer' is not defined     no-undef
  72:35  warning  'UIController' is not defined       no-undef

/home/runner/work/exp-deployments-basic-core-dei/exp-deployments-basic-core-dei/experiment/simulation/js/bus-manager.js
  8:7  warning  'BusManager' is defined but never used  no-unused-vars

/home/runner/work/exp-deployments-basic-core-dei/exp-deployments-basic-core-dei/experiment/simulation/js/canvas-renderer.js
   15:7   warning  'CanvasRenderer' is defined but never used  no-unused-vars
  545:19  warning  'e' is defined but never used               no-unused-vars

/home/runner/work/exp-deployments-basic-core-dei/exp-deployments-basic-core-dei/experiment/simulation/js/connection-manager.js
  15:7  warning  'ConnectionManager' is defined but never used  no-unused-vars

/home/runner/work/exp-deployments-basic-core-dei/exp-deployments-basic-core-dei/experiment/simulation/js/data-store.js
  15:7  warning  'DataStore' is defined but never used  no-unused-vars

/home/runner/work/exp-deployments-basic-core-dei/exp-deployments-basic-core-dei/experiment/simulation/js/docker.js
  1346:25  warning  'terminalModal' is defined but never used  no-unused-vars

/home/runner/work/exp-deployments-basic-core-dei/exp-deployments-basic-core-dei/experiment/simulation/js/log-engine.js
  15:7  warning  'LogEngine' is defined but never used  no-unused-vars

/home/runner/work/exp-deployments-basic-core-dei/exp-deployments-basic-core-dei/experiment/simulation/js/nf-manager.js
  15:7  warning  'NFManager' is defined but never used  no-unused-vars

/home/runner/work/exp-deployments-basic-core-dei/exp-deployments-basic-core-dei/experiment/simulation/js/ping-manager.js
   14:7   warning  'PingManager' is defined but never used      no-unused-vars
  413:21  warning  'pingId' is assigned a value but never used  no-unused-vars

/home/runner/work/exp-deployments-basic-core-dei/exp-deployments-basic-core-dei/experiment/simulation/js/ui-controller.js
    16:7   warning  'UIController' is defined but never used          no-unused-vars
  1000:48  warning  'data' is defined but never used                  no-unused-vars
  1319:37  warning  'sourceNetwork' is not defined                    no-undef
  1705:31  warning  'e' is defined but never used                     no-unused-vars
  1941:15  warning  'nfDef' is assigned a value but never used        no-unused-vars
  1945:15  warning  'defaultName' is assigned a value but never used  no-unused-vars
  2329:36  warning  'nfType' is defined but never used                no-unused-vars
  3437:39  warning  'nf' is defined but never used                    no-unused-vars
  3895:5   warning  Duplicate name 'delay'                            no-dupe-class-members

✖ 27 problems (0 errors, 27 warnings)

